
> node_server@1.0.0 test:game-session
> tsx scripts/test-game-session.ts

Starting Game Session Tracking Tests...
API URL: http://localhost:3000
Make sure the server is running!


=== Game Session Tracking Test Suite ===

Test 1: Logging in with test user...
✗ Login Test User: socket hang up
